---
source: packages/shulker-operator/src/reconcilers/minecraft_server_fleet/fleet_autoscaler.rs
expression: fleet_autoscaler
---
apiVersion: autoscaling.agones.dev/v1
kind: FleetAutoscaler
metadata:
  labels:
    app.kubernetes.io/component: minecraftserver
    app.kubernetes.io/name: my-server
    minecraftcluster.shulkermc.io/name: my-cluster
    minecraftserverfleet.shulkermc.io/name: my-server
  name: my-server
  namespace: default
spec:
  fleetName: ""
  policy:
    type: Buffer

