---
source: packages/shulker-operator/src/reconcilers/proxy_fleet/config_map.rs
expression: toml
---
config-version = "2.6"
bind = "0.0.0.0:25577"
motd = "A Motd"
show-max-players = 100
online-mode = true
force-key-authentication = true
prevent-client-proxy-connections = true
forwarding-secret-file = "forwarding-secret.txt"
player-info-forwarding-mode = "modern"

[servers]
lobby = "localhost:30000"
limbo = "localhost:30001"
try = ["lobby", "limbo"]

[forced-hosts]

[advanced]
haproxy-protocol = true
tcp-fast-open = true
accepts-transfers = true
