---
source: packages/shulker-operator/src/reconcilers/minecraft_server/config_map.rs
expression: yml
---
settings:
  allow-end: true
auto-updater:
  enabled: false


