---
source: packages/shulker-operator/src/reconcilers/minecraft_server/config_map.rs
expression: config
---
proxies:
  bungee-cord:
    online-mode: false
  velocity:
    enabled: true
    online-mode: true
    secret: "${CFG_VELOCITY_FORWARDING_SECRET}"

