---
source: packages/shulker-operator/src/reconcilers/minecraft_server/config_map.rs
expression: properties
---
my-str=my-value

