---
source: packages/shulker-operator/src/reconcilers/minecraft_cluster/proxy_role.rs
expression: role
---
apiVersion: rbac.authorization.k8s.io/v1
kind: Role
metadata:
  labels:
    app.kubernetes.io/component: cluster
    app.kubernetes.io/name: my-cluster
    minecraftcluster.shulkermc.io/name: my-cluster
  name: my-cluster-proxy
  namespace: default
rules:
  - apiGroups:
      - agones.dev
    resources:
      - gameservers
    verbs:
      - list
      - watch
      - update
  - apiGroups:
      - ""
    resources:
      - events
    verbs:
      - create

