---
source: packages/shulker-operator/src/reconcilers/minecraft_cluster/proxy_role_binding.rs
expression: role_binding
---
apiVersion: rbac.authorization.k8s.io/v1
kind: RoleBinding
metadata:
  labels:
    app.kubernetes.io/component: proxy-rbac
    app.kubernetes.io/instance: role-binding-my-cluster
    app.kubernetes.io/managed-by: shulker-operator
    app.kubernetes.io/name: role-binding
    app.kubernetes.io/part-of: cluster-my-cluster
    minecraftcluster.shulkermc.io/name: my-cluster
  name: "shulker:my-cluster:proxy"
  namespace: default
roleRef:
  apiGroup: rbac.authorization.k8s.io
  kind: Role
  name: "shulker:my-cluster:proxy"
subjects:
  - kind: ServiceAccount
    name: shulker-my-cluster-proxy
    namespace: default

