---
source: packages/shulker-operator/src/reconcilers/minecraft_cluster/forwarding_secret.rs
expression: secret
---
apiVersion: v1
kind: Secret
metadata:
  labels:
    app.kubernetes.io/component: proxy
    app.kubernetes.io/instance: forwarding-secret-my-cluster
    app.kubernetes.io/managed-by: shulker-operator
    app.kubernetes.io/name: forwarding-secret
    app.kubernetes.io/part-of: cluster-my-cluster
    minecraftcluster.shulkermc.io/name: my-cluster
  name: my-cluster-forwarding-secret
  namespace: default
stringData:
  key: "[forwarding secret random redacted]"
type: Opaque

