---
source: packages/shulker-operator/src/reconcilers/minecraft_cluster/minecraft_server_service_account.rs
expression: service_account
---
apiVersion: v1
kind: ServiceAccount
metadata:
  labels:
    app.kubernetes.io/component: minecraft-server-rbac
    app.kubernetes.io/instance: service-account-my-cluster
    app.kubernetes.io/managed-by: shulker-operator
    app.kubernetes.io/name: service-account
    app.kubernetes.io/part-of: cluster-my-cluster
    minecraftcluster.shulkermc.io/name: my-cluster
  name: shulker-my-cluster-server
  namespace: default

